Component: ARM Compiler 5.06 update 7 (build 960) Tool: armlink [4d3601]

==============================================================================

Section Cross References

    main.o(i.main) refers to hardware_init.o(i.Trig_Functions) for Trig_Functions
    main.o(i.main) refers to idiv.o(.text) for __aeabi_idivmod
    main.o(i.main) refers to dflti.o(.text) for __aeabi_i2d
    main.o(i.main) refers to main.o(.data) for Angle
    main.o(i.main) refers to hardware_init.o(.data) for Local_Components
    startup_lks32mc08x.o(RESET) refers to startup_lks32mc08x.o(STACK) for __initial_sp
    startup_lks32mc08x.o(RESET) refers to startup_lks32mc08x.o(.text) for Reset_Handler
    startup_lks32mc08x.o(RESET) refers to interrupt.o(i.SysTick_Handler) for SysTick_Handler
    startup_lks32mc08x.o(RESET) refers to interrupt.o(i.UTIMER0_IRQHandler) for UTIMER0_IRQHandler
    startup_lks32mc08x.o(RESET) refers to interrupt.o(i.UTIMER1_IRQHandler) for UTIMER1_IRQHandler
    startup_lks32mc08x.o(RESET) refers to interrupt.o(i.UTIMER2_IRQHandler) for UTIMER2_IRQHandler
    startup_lks32mc08x.o(RESET) refers to interrupt.o(i.UTIMER3_IRQHandler) for UTIMER3_IRQHandler
    startup_lks32mc08x.o(RESET) refers to interrupt.o(i.ENCODER0_IRQHandler) for ENCODER0_IRQHandler
    startup_lks32mc08x.o(RESET) refers to interrupt.o(i.ENCODER1_IRQHandler) for ENCODER1_IRQHandler
    startup_lks32mc08x.o(RESET) refers to interrupt.o(i.I2C0_IRQHandler) for I2C0_IRQHandler
    startup_lks32mc08x.o(RESET) refers to interrupt.o(i.GPIO_IRQHandler) for GPIO_IRQHandler
    startup_lks32mc08x.o(RESET) refers to interrupt.o(i.UART0_IRQHandler) for UART0_IRQHandler
    startup_lks32mc08x.o(RESET) refers to interrupt.o(i.HALL_IRQHandler) for HALL_IRQHandler
    startup_lks32mc08x.o(RESET) refers to interrupt.o(i.SPI0_IRQHandler) for SPI0_IRQHandler
    startup_lks32mc08x.o(RESET) refers to interrupt.o(i.ADC0_IRQHandler) for ADC0_IRQHandler
    startup_lks32mc08x.o(RESET) refers to interrupt.o(i.MCPWM_IRQHandler) for MCPWM_IRQHandler
    startup_lks32mc08x.o(RESET) refers to interrupt.o(i.UART1_IRQHandler) for UART1_IRQHandler
    startup_lks32mc08x.o(RESET) refers to interrupt.o(i.CMP_IRQHandler) for CMP_IRQHandler
    startup_lks32mc08x.o(.text) refers to startup_lks32mc08x.o(STACK) for __initial_sp
    startup_lks32mc08x.o(.text) refers to hardware_init.o(i.SystemInit) for SystemInit
    startup_lks32mc08x.o(.text) refers to entry.o(.ARM.Collect$$$$00000000) for __main
    hardware_init.o(i.Hardware_init) refers to hardware_init.o(i.GPIO_init) for GPIO_init
    hardware_init.o(i.SystemInit) refers to hardware_init.o(i.Clock_Init) for Clock_Init
    hardware_init.o(i.Trig_Functions) refers to lks32mc08x_sys.o(i.SYS_ModuleClockCmd) for SYS_ModuleClockCmd
    hardware_init.o(i.Trig_Functions) refers to hardware_init.o(.data) for Local_Components
    lks32mc08x_cmp.o(i.CMP_StructInit) refers to memseta.o(.text) for __aeabi_memclr
    lks32mc08x_cmp.o(i.Comparator_init) refers to lks32mc08x_sys.o(i.SYS_AnalogModuleClockCmd) for SYS_AnalogModuleClockCmd
    lks32mc08x_dma.o(i.DMA_StructInit) refers to memseta.o(.text) for __aeabi_memclr4
    lks32mc08x_flash.o(i.EraseSector) refers to lks32mc08x_flash.o(.data) for erase_flag
    lks32mc08x_flash.o(i.ProgramPage) refers to lks32mc08x_flash.o(.data) for progm_flag
    lks32mc08x_flash.o(i.Read_Flash) refers to lks32mc08x_nvr.o(i.Read_NVR) for Read_NVR
    lks32mc08x_flash.o(i.Read_More_Flash) refers to printf1.o(i.__0printf$1) for __2printf
    lks32mc08x_flash.o(i.Read_More_Flash) refers to lks32mc08x_flash.o(i.Read_Flash) for Read_Flash
    lks32mc08x_gpio.o(i.GPIO_PinAFConfig) refers to lks32mc08x_gpio.o(i.__ARM_common_switch8) for __ARM_common_switch8
    lks32mc08x_gpio.o(i.GPIO_ResetBits) refers to lks32mc08x_gpio.o(i.GPIO_WriteBit) for GPIO_WriteBit
    lks32mc08x_gpio.o(i.GPIO_SetBits) refers to lks32mc08x_gpio.o(i.GPIO_WriteBit) for GPIO_WriteBit
    lks32mc08x_hall.o(i.HALL_Init) refers to lks32mc08x_sys.o(i.SYS_ModuleClockCmd) for SYS_ModuleClockCmd
    lks32mc08x_mcpwm.o(i.MCPWM_Init) refers to lks32mc08x_sys.o(i.SYS_ModuleClockCmd) for SYS_ModuleClockCmd
    lks32mc08x_mcpwm.o(i.MCPWM_StructInit) refers to memseta.o(.text) for __aeabi_memclr
    lks32mc08x_sys.o(i.DSP_Init) refers to lks32mc08x_sys.o(i.SYS_ModuleClockCmd) for SYS_ModuleClockCmd
    lks32mc08x_tim.o(i.TIM_TimerInit) refers to lks32mc08x_sys.o(i.SYS_ModuleClockCmd) for SYS_ModuleClockCmd
    entry.o(.ARM.Collect$$$$00000000) refers (Special) to entry10a.o(.ARM.Collect$$$$0000000F) for __rt_final_cpp
    entry.o(.ARM.Collect$$$$00000000) refers (Special) to entry11a.o(.ARM.Collect$$$$00000011) for __rt_final_exit
    entry.o(.ARM.Collect$$$$00000000) refers (Special) to entry12b.o(.ARM.Collect$$$$0000000E) for __rt_lib_shutdown_fini
    entry.o(.ARM.Collect$$$$00000000) refers (Special) to entry7b.o(.ARM.Collect$$$$00000008) for _main_clock
    entry.o(.ARM.Collect$$$$00000000) refers (Special) to entry8b.o(.ARM.Collect$$$$0000000A) for _main_cpp_init
    entry.o(.ARM.Collect$$$$00000000) refers (Special) to entry9a.o(.ARM.Collect$$$$0000000B) for _main_init
    entry.o(.ARM.Collect$$$$00000000) refers (Special) to entry5.o(.ARM.Collect$$$$00000004) for _main_scatterload
    entry.o(.ARM.Collect$$$$00000000) refers (Special) to entry2.o(.ARM.Collect$$$$00000001) for _main_stk
    idiv.o(.text) refers to uidiv.o(.text) for __aeabi_uidivmod
    printfb.o(i.__0fprintf$bare) refers to printfb.o(i._printf_core) for _printf_core
    printfb.o(i.__0fprintf$bare) refers to fputc.o(i.fputc) for fputc
    printfb.o(i.__0printf$bare) refers to printfb.o(i._printf_core) for _printf_core
    printfb.o(i.__0printf$bare) refers to fputc.o(i.fputc) for fputc
    printfb.o(i.__0printf$bare) refers to stdout.o(.data) for __stdout
    printfb.o(i.__0snprintf$bare) refers to printfb.o(i._printf_core) for _printf_core
    printfb.o(i.__0snprintf$bare) refers to printfb.o(i._snputc) for _snputc
    printfb.o(i.__0sprintf$bare) refers to printfb.o(i._printf_core) for _printf_core
    printfb.o(i.__0sprintf$bare) refers to printfb.o(i._sputc) for _sputc
    printfb.o(i.__0vfprintf$bare) refers to printfb.o(i._printf_core) for _printf_core
    printfb.o(i.__0vfprintf$bare) refers to fputc.o(i.fputc) for fputc
    printfb.o(i.__0vprintf$bare) refers to printfb.o(i._printf_core) for _printf_core
    printfb.o(i.__0vprintf$bare) refers to fputc.o(i.fputc) for fputc
    printfb.o(i.__0vprintf$bare) refers to stdout.o(.data) for __stdout
    printfb.o(i.__0vsnprintf$bare) refers to printfb.o(i._printf_core) for _printf_core
    printfb.o(i.__0vsnprintf$bare) refers to printfb.o(i._snputc) for _snputc
    printfb.o(i.__0vsprintf$bare) refers to printfb.o(i._printf_core) for _printf_core
    printfb.o(i.__0vsprintf$bare) refers to printfb.o(i._sputc) for _sputc
    printf0.o(i.__0fprintf$0) refers to printf0.o(i._printf_core) for _printf_core
    printf0.o(i.__0fprintf$0) refers to fputc.o(i.fputc) for fputc
    printf0.o(i.__0printf$0) refers to printf0.o(i._printf_core) for _printf_core
    printf0.o(i.__0printf$0) refers to fputc.o(i.fputc) for fputc
    printf0.o(i.__0printf$0) refers to stdout.o(.data) for __stdout
    printf0.o(i.__0snprintf$0) refers to printf0.o(i._printf_core) for _printf_core
    printf0.o(i.__0snprintf$0) refers to printf0.o(i._snputc) for _snputc
    printf0.o(i.__0sprintf$0) refers to printf0.o(i._printf_core) for _printf_core
    printf0.o(i.__0sprintf$0) refers to printf0.o(i._sputc) for _sputc
    printf0.o(i.__0vfprintf$0) refers to printf0.o(i._printf_core) for _printf_core
    printf0.o(i.__0vfprintf$0) refers to fputc.o(i.fputc) for fputc
    printf0.o(i.__0vprintf$0) refers to printf0.o(i._printf_core) for _printf_core
    printf0.o(i.__0vprintf$0) refers to fputc.o(i.fputc) for fputc
    printf0.o(i.__0vprintf$0) refers to stdout.o(.data) for __stdout
    printf0.o(i.__0vsnprintf$0) refers to printf0.o(i._printf_core) for _printf_core
    printf0.o(i.__0vsnprintf$0) refers to printf0.o(i._snputc) for _snputc
    printf0.o(i.__0vsprintf$0) refers to printf0.o(i._printf_core) for _printf_core
    printf0.o(i.__0vsprintf$0) refers to printf0.o(i._sputc) for _sputc
    printf1.o(i.__0fprintf$1) refers to printf1.o(i._printf_core) for _printf_core
    printf1.o(i.__0fprintf$1) refers to fputc.o(i.fputc) for fputc
    printf1.o(i.__0printf$1) refers to printf1.o(i._printf_core) for _printf_core
    printf1.o(i.__0printf$1) refers to fputc.o(i.fputc) for fputc
    printf1.o(i.__0printf$1) refers to stdout.o(.data) for __stdout
    printf1.o(i.__0snprintf$1) refers to printf1.o(i._printf_core) for _printf_core
    printf1.o(i.__0snprintf$1) refers to printf1.o(i._snputc) for _snputc
    printf1.o(i.__0sprintf$1) refers to printf1.o(i._printf_core) for _printf_core
    printf1.o(i.__0sprintf$1) refers to printf1.o(i._sputc) for _sputc
    printf1.o(i.__0vfprintf$1) refers to printf1.o(i._printf_core) for _printf_core
    printf1.o(i.__0vfprintf$1) refers to fputc.o(i.fputc) for fputc
    printf1.o(i.__0vprintf$1) refers to printf1.o(i._printf_core) for _printf_core
    printf1.o(i.__0vprintf$1) refers to fputc.o(i.fputc) for fputc
    printf1.o(i.__0vprintf$1) refers to stdout.o(.data) for __stdout
    printf1.o(i.__0vsnprintf$1) refers to printf1.o(i._printf_core) for _printf_core
    printf1.o(i.__0vsnprintf$1) refers to printf1.o(i._snputc) for _snputc
    printf1.o(i.__0vsprintf$1) refers to printf1.o(i._printf_core) for _printf_core
    printf1.o(i.__0vsprintf$1) refers to printf1.o(i._sputc) for _sputc
    printf1.o(i._printf_core) refers to uidiv.o(.text) for __aeabi_uidivmod
    printf2.o(i.__0fprintf$2) refers to printf2.o(i._printf_core) for _printf_core
    printf2.o(i.__0fprintf$2) refers to fputc.o(i.fputc) for fputc
    printf2.o(i.__0printf$2) refers to printf2.o(i._printf_core) for _printf_core
    printf2.o(i.__0printf$2) refers to fputc.o(i.fputc) for fputc
    printf2.o(i.__0printf$2) refers to stdout.o(.data) for __stdout
    printf2.o(i.__0snprintf$2) refers to printf2.o(i._printf_core) for _printf_core
    printf2.o(i.__0snprintf$2) refers to printf2.o(i._snputc) for _snputc
    printf2.o(i.__0sprintf$2) refers to printf2.o(i._printf_core) for _printf_core
    printf2.o(i.__0sprintf$2) refers to printf2.o(i._sputc) for _sputc
    printf2.o(i.__0vfprintf$2) refers to printf2.o(i._printf_core) for _printf_core
    printf2.o(i.__0vfprintf$2) refers to fputc.o(i.fputc) for fputc
    printf2.o(i.__0vprintf$2) refers to printf2.o(i._printf_core) for _printf_core
    printf2.o(i.__0vprintf$2) refers to fputc.o(i.fputc) for fputc
    printf2.o(i.__0vprintf$2) refers to stdout.o(.data) for __stdout
    printf2.o(i.__0vsnprintf$2) refers to printf2.o(i._printf_core) for _printf_core
    printf2.o(i.__0vsnprintf$2) refers to printf2.o(i._snputc) for _snputc
    printf2.o(i.__0vsprintf$2) refers to printf2.o(i._printf_core) for _printf_core
    printf2.o(i.__0vsprintf$2) refers to printf2.o(i._sputc) for _sputc
    printf3.o(i.__0fprintf$3) refers to printf3.o(i._printf_core) for _printf_core
    printf3.o(i.__0fprintf$3) refers to fputc.o(i.fputc) for fputc
    printf3.o(i.__0printf$3) refers to printf3.o(i._printf_core) for _printf_core
    printf3.o(i.__0printf$3) refers to fputc.o(i.fputc) for fputc
    printf3.o(i.__0printf$3) refers to stdout.o(.data) for __stdout
    printf3.o(i.__0snprintf$3) refers to printf3.o(i._printf_core) for _printf_core
    printf3.o(i.__0snprintf$3) refers to printf3.o(i._snputc) for _snputc
    printf3.o(i.__0sprintf$3) refers to printf3.o(i._printf_core) for _printf_core
    printf3.o(i.__0sprintf$3) refers to printf3.o(i._sputc) for _sputc
    printf3.o(i.__0vfprintf$3) refers to printf3.o(i._printf_core) for _printf_core
    printf3.o(i.__0vfprintf$3) refers to fputc.o(i.fputc) for fputc
    printf3.o(i.__0vprintf$3) refers to printf3.o(i._printf_core) for _printf_core
    printf3.o(i.__0vprintf$3) refers to fputc.o(i.fputc) for fputc
    printf3.o(i.__0vprintf$3) refers to stdout.o(.data) for __stdout
    printf3.o(i.__0vsnprintf$3) refers to printf3.o(i._printf_core) for _printf_core
    printf3.o(i.__0vsnprintf$3) refers to printf3.o(i._snputc) for _snputc
    printf3.o(i.__0vsprintf$3) refers to printf3.o(i._printf_core) for _printf_core
    printf3.o(i.__0vsprintf$3) refers to printf3.o(i._sputc) for _sputc
    printf3.o(i._printf_core) refers to uidiv.o(.text) for __aeabi_uidivmod
    printf4.o(i.__0fprintf$4) refers to printf4.o(i._printf_core) for _printf_core
    printf4.o(i.__0fprintf$4) refers to fputc.o(i.fputc) for fputc
    printf4.o(i.__0printf$4) refers to printf4.o(i._printf_core) for _printf_core
    printf4.o(i.__0printf$4) refers to fputc.o(i.fputc) for fputc
    printf4.o(i.__0printf$4) refers to stdout.o(.data) for __stdout
    printf4.o(i.__0snprintf$4) refers to printf4.o(i._printf_core) for _printf_core
    printf4.o(i.__0snprintf$4) refers to printf4.o(i._snputc) for _snputc
    printf4.o(i.__0sprintf$4) refers to printf4.o(i._printf_core) for _printf_core
    printf4.o(i.__0sprintf$4) refers to printf4.o(i._sputc) for _sputc
    printf4.o(i.__0vfprintf$4) refers to printf4.o(i._printf_core) for _printf_core
    printf4.o(i.__0vfprintf$4) refers to fputc.o(i.fputc) for fputc
    printf4.o(i.__0vprintf$4) refers to printf4.o(i._printf_core) for _printf_core
    printf4.o(i.__0vprintf$4) refers to fputc.o(i.fputc) for fputc
    printf4.o(i.__0vprintf$4) refers to stdout.o(.data) for __stdout
    printf4.o(i.__0vsnprintf$4) refers to printf4.o(i._printf_core) for _printf_core
    printf4.o(i.__0vsnprintf$4) refers to printf4.o(i._snputc) for _snputc
    printf4.o(i.__0vsprintf$4) refers to printf4.o(i._printf_core) for _printf_core
    printf4.o(i.__0vsprintf$4) refers to printf4.o(i._sputc) for _sputc
    printf4.o(i._printf_core) refers to uldiv.o(.text) for __aeabi_uldivmod
    printf5.o(i.__0fprintf$5) refers to printf5.o(i._printf_core) for _printf_core
    printf5.o(i.__0fprintf$5) refers to fputc.o(i.fputc) for fputc
    printf5.o(i.__0printf$5) refers to printf5.o(i._printf_core) for _printf_core
    printf5.o(i.__0printf$5) refers to fputc.o(i.fputc) for fputc
    printf5.o(i.__0printf$5) refers to stdout.o(.data) for __stdout
    printf5.o(i.__0snprintf$5) refers to printf5.o(i._printf_core) for _printf_core
    printf5.o(i.__0snprintf$5) refers to printf5.o(i._snputc) for _snputc
    printf5.o(i.__0sprintf$5) refers to printf5.o(i._printf_core) for _printf_core
    printf5.o(i.__0sprintf$5) refers to printf5.o(i._sputc) for _sputc
    printf5.o(i.__0vfprintf$5) refers to printf5.o(i._printf_core) for _printf_core
    printf5.o(i.__0vfprintf$5) refers to fputc.o(i.fputc) for fputc
    printf5.o(i.__0vprintf$5) refers to printf5.o(i._printf_core) for _printf_core
    printf5.o(i.__0vprintf$5) refers to fputc.o(i.fputc) for fputc
    printf5.o(i.__0vprintf$5) refers to stdout.o(.data) for __stdout
    printf5.o(i.__0vsnprintf$5) refers to printf5.o(i._printf_core) for _printf_core
    printf5.o(i.__0vsnprintf$5) refers to printf5.o(i._snputc) for _snputc
    printf5.o(i.__0vsprintf$5) refers to printf5.o(i._printf_core) for _printf_core
    printf5.o(i.__0vsprintf$5) refers to printf5.o(i._sputc) for _sputc
    printf5.o(i._printf_core) refers to uldiv.o(.text) for __aeabi_uldivmod
    printf6.o(i.__0fprintf$6) refers to printf6.o(i._printf_core) for _printf_core
    printf6.o(i.__0fprintf$6) refers to fputc.o(i.fputc) for fputc
    printf6.o(i.__0printf$6) refers to printf6.o(i._printf_core) for _printf_core
    printf6.o(i.__0printf$6) refers to fputc.o(i.fputc) for fputc
    printf6.o(i.__0printf$6) refers to stdout.o(.data) for __stdout
    printf6.o(i.__0snprintf$6) refers to printf6.o(i._printf_core) for _printf_core
    printf6.o(i.__0snprintf$6) refers to printf6.o(i._snputc) for _snputc
    printf6.o(i.__0sprintf$6) refers to printf6.o(i._printf_core) for _printf_core
    printf6.o(i.__0sprintf$6) refers to printf6.o(i._sputc) for _sputc
    printf6.o(i.__0vfprintf$6) refers to printf6.o(i._printf_core) for _printf_core
    printf6.o(i.__0vfprintf$6) refers to fputc.o(i.fputc) for fputc
    printf6.o(i.__0vprintf$6) refers to printf6.o(i._printf_core) for _printf_core
    printf6.o(i.__0vprintf$6) refers to fputc.o(i.fputc) for fputc
    printf6.o(i.__0vprintf$6) refers to stdout.o(.data) for __stdout
    printf6.o(i.__0vsnprintf$6) refers to printf6.o(i._printf_core) for _printf_core
    printf6.o(i.__0vsnprintf$6) refers to printf6.o(i._snputc) for _snputc
    printf6.o(i.__0vsprintf$6) refers to printf6.o(i._printf_core) for _printf_core
    printf6.o(i.__0vsprintf$6) refers to printf6.o(i._sputc) for _sputc
    printf6.o(i._printf_core) refers to printf6.o(i._printf_pre_padding) for _printf_pre_padding
    printf6.o(i._printf_core) refers to printf6.o(i._printf_post_padding) for _printf_post_padding
    printf6.o(i._printf_core) refers to uidiv.o(.text) for __aeabi_uidivmod
    printf7.o(i.__0fprintf$7) refers to printf7.o(i._printf_core) for _printf_core
    printf7.o(i.__0fprintf$7) refers to fputc.o(i.fputc) for fputc
    printf7.o(i.__0printf$7) refers to printf7.o(i._printf_core) for _printf_core
    printf7.o(i.__0printf$7) refers to fputc.o(i.fputc) for fputc
    printf7.o(i.__0printf$7) refers to stdout.o(.data) for __stdout
    printf7.o(i.__0snprintf$7) refers to printf7.o(i._printf_core) for _printf_core
    printf7.o(i.__0snprintf$7) refers to printf7.o(i._snputc) for _snputc
    printf7.o(i.__0sprintf$7) refers to printf7.o(i._printf_core) for _printf_core
    printf7.o(i.__0sprintf$7) refers to printf7.o(i._sputc) for _sputc
    printf7.o(i.__0vfprintf$7) refers to printf7.o(i._printf_core) for _printf_core
    printf7.o(i.__0vfprintf$7) refers to fputc.o(i.fputc) for fputc
    printf7.o(i.__0vprintf$7) refers to printf7.o(i._printf_core) for _printf_core
    printf7.o(i.__0vprintf$7) refers to fputc.o(i.fputc) for fputc
    printf7.o(i.__0vprintf$7) refers to stdout.o(.data) for __stdout
    printf7.o(i.__0vsnprintf$7) refers to printf7.o(i._printf_core) for _printf_core
    printf7.o(i.__0vsnprintf$7) refers to printf7.o(i._snputc) for _snputc
    printf7.o(i.__0vsprintf$7) refers to printf7.o(i._printf_core) for _printf_core
    printf7.o(i.__0vsprintf$7) refers to printf7.o(i._sputc) for _sputc
    printf7.o(i._printf_core) refers to printf7.o(i._printf_pre_padding) for _printf_pre_padding
    printf7.o(i._printf_core) refers to printf7.o(i._printf_post_padding) for _printf_post_padding
    printf7.o(i._printf_core) refers to uldiv.o(.text) for __aeabi_uldivmod
    printf8.o(i.__0fprintf$8) refers to printf8.o(i._printf_core) for _printf_core
    printf8.o(i.__0fprintf$8) refers to fputc.o(i.fputc) for fputc
    printf8.o(i.__0printf$8) refers to printf8.o(i._printf_core) for _printf_core
    printf8.o(i.__0printf$8) refers to fputc.o(i.fputc) for fputc
    printf8.o(i.__0printf$8) refers to stdout.o(.data) for __stdout
    printf8.o(i.__0snprintf$8) refers to printf8.o(i._printf_core) for _printf_core
    printf8.o(i.__0snprintf$8) refers to printf8.o(i._snputc) for _snputc
    printf8.o(i.__0sprintf$8) refers to printf8.o(i._printf_core) for _printf_core
    printf8.o(i.__0sprintf$8) refers to printf8.o(i._sputc) for _sputc
    printf8.o(i.__0vfprintf$8) refers to printf8.o(i._printf_core) for _printf_core
    printf8.o(i.__0vfprintf$8) refers to fputc.o(i.fputc) for fputc
    printf8.o(i.__0vprintf$8) refers to printf8.o(i._printf_core) for _printf_core
    printf8.o(i.__0vprintf$8) refers to fputc.o(i.fputc) for fputc
    printf8.o(i.__0vprintf$8) refers to stdout.o(.data) for __stdout
    printf8.o(i.__0vsnprintf$8) refers to printf8.o(i._printf_core) for _printf_core
    printf8.o(i.__0vsnprintf$8) refers to printf8.o(i._snputc) for _snputc
    printf8.o(i.__0vsprintf$8) refers to printf8.o(i._printf_core) for _printf_core
    printf8.o(i.__0vsprintf$8) refers to printf8.o(i._sputc) for _sputc
    printf8.o(i._printf_core) refers to printf8.o(i._printf_pre_padding) for _printf_pre_padding
    printf8.o(i._printf_core) refers to printf8.o(i._printf_post_padding) for _printf_post_padding
    printf8.o(i._printf_core) refers to uldiv.o(.text) for __aeabi_uldivmod
    printfa.o(i.__0fprintf) refers (Special) to iusefp.o(.text) for __I$use$fp
    printfa.o(i.__0fprintf) refers to printfa.o(i._printf_core) for _printf_core
    printfa.o(i.__0fprintf) refers to fputc.o(i.fputc) for fputc
    printfa.o(i.__0printf) refers (Special) to iusefp.o(.text) for __I$use$fp
    printfa.o(i.__0printf) refers to printfa.o(i._printf_core) for _printf_core
    printfa.o(i.__0printf) refers to fputc.o(i.fputc) for fputc
    printfa.o(i.__0printf) refers to stdout.o(.data) for __stdout
    printfa.o(i.__0snprintf) refers (Special) to iusefp.o(.text) for __I$use$fp
    printfa.o(i.__0snprintf) refers to printfa.o(i._printf_core) for _printf_core
    printfa.o(i.__0snprintf) refers to printfa.o(i._snputc) for _snputc
    printfa.o(i.__0sprintf) refers (Special) to iusefp.o(.text) for __I$use$fp
    printfa.o(i.__0sprintf) refers to printfa.o(i._printf_core) for _printf_core
    printfa.o(i.__0sprintf) refers to printfa.o(i._sputc) for _sputc
    printfa.o(i.__0vfprintf) refers (Special) to iusefp.o(.text) for __I$use$fp
    printfa.o(i.__0vfprintf) refers to printfa.o(i._printf_core) for _printf_core
    printfa.o(i.__0vfprintf) refers to fputc.o(i.fputc) for fputc
    printfa.o(i.__0vprintf) refers (Special) to iusefp.o(.text) for __I$use$fp
    printfa.o(i.__0vprintf) refers to printfa.o(i._printf_core) for _printf_core
    printfa.o(i.__0vprintf) refers to fputc.o(i.fputc) for fputc
    printfa.o(i.__0vprintf) refers to stdout.o(.data) for __stdout
    printfa.o(i.__0vsnprintf) refers (Special) to iusefp.o(.text) for __I$use$fp
    printfa.o(i.__0vsnprintf) refers to printfa.o(i._printf_core) for _printf_core
    printfa.o(i.__0vsnprintf) refers to printfa.o(i._snputc) for _snputc
    printfa.o(i.__0vsprintf) refers (Special) to iusefp.o(.text) for __I$use$fp
    printfa.o(i.__0vsprintf) refers to printfa.o(i._printf_core) for _printf_core
    printfa.o(i.__0vsprintf) refers to printfa.o(i._sputc) for _sputc
    printfa.o(i._fp_digits) refers (Special) to iusefp.o(.text) for __I$use$fp
    printfa.o(i._fp_digits) refers to dmul.o(.text) for __aeabi_dmul
    printfa.o(i._fp_digits) refers to ddiv.o(.text) for __aeabi_ddiv
    printfa.o(i._fp_digits) refers to cdrcmple.o(.text) for __aeabi_cdrcmple
    printfa.o(i._fp_digits) refers to dadd.o(.text) for __aeabi_dadd
    printfa.o(i._fp_digits) refers to dfixul.o(.text) for __aeabi_d2ulz
    printfa.o(i._fp_digits) refers to uldiv.o(.text) for __aeabi_uldivmod
    printfa.o(i._printf_core) refers (Special) to iusefp.o(.text) for __I$use$fp
    printfa.o(i._printf_core) refers to printfa.o(i._printf_pre_padding) for _printf_pre_padding
    printfa.o(i._printf_core) refers to uldiv.o(.text) for __aeabi_uldivmod
    printfa.o(i._printf_core) refers to printfa.o(i._printf_post_padding) for _printf_post_padding
    printfa.o(i._printf_core) refers to printfa.o(i._fp_digits) for _fp_digits
    printfa.o(i._printf_core) refers to uidiv.o(.text) for __aeabi_uidivmod
    printfa.o(i._printf_post_padding) refers (Special) to iusefp.o(.text) for __I$use$fp
    printfa.o(i._printf_pre_padding) refers (Special) to iusefp.o(.text) for __I$use$fp
    printfa.o(i._snputc) refers (Special) to iusefp.o(.text) for __I$use$fp
    printfa.o(i._sputc) refers (Special) to iusefp.o(.text) for __I$use$fp
    dflti.o(.text) refers (Special) to iusefp.o(.text) for __I$use$fp
    dflti.o(.text) refers to depilogue.o(.text) for _double_epilogue
    entry2.o(.ARM.Collect$$$$00000001) refers to entry2.o(.ARM.Collect$$$$00002712) for __lit__00000000
    entry2.o(.ARM.Collect$$$$00002712) refers to startup_lks32mc08x.o(STACK) for __initial_sp
    entry2.o(__vectab_stack_and_reset_area) refers to startup_lks32mc08x.o(STACK) for __initial_sp
    entry2.o(__vectab_stack_and_reset_area) refers to entry.o(.ARM.Collect$$$$00000000) for __main
    entry5.o(.ARM.Collect$$$$00000004) refers to init.o(.text) for __scatterload
    entry9a.o(.ARM.Collect$$$$0000000B) refers to main.o(i.main) for main
    entry9b.o(.ARM.Collect$$$$0000000C) refers to main.o(i.main) for main
    fputc.o(i.fputc) refers (Special) to iusesemip.o(.text) for __I$use$semihosting$fputc
    fputc.o(i.fputc) refers (Special) to semi.o(.text) for __semihosting_library_function
    uldiv.o(.text) refers to llushr.o(.text) for __aeabi_llsr
    uldiv.o(.text) refers to llshl.o(.text) for __aeabi_llsl
    depilogue.o(.text) refers to depilogue.o(i.__ARM_clz) for __ARM_clz
    depilogue.o(.text) refers to llshl.o(.text) for __aeabi_llsl
    depilogue.o(.text) refers to llushr.o(.text) for __aeabi_llsr
    dadd.o(.text) refers to llshl.o(.text) for __aeabi_llsl
    dadd.o(.text) refers to llsshr.o(.text) for __aeabi_lasr
    dadd.o(.text) refers to depilogue.o(.text) for _double_epilogue
    dmul.o(.text) refers to depilogue.o(.text) for _double_epilogue
    ddiv.o(.text) refers to depilogue.o(.text) for _double_round
    dfixul.o(.text) refers to llushr.o(.text) for __aeabi_llsr
    dfixul.o(.text) refers to llshl.o(.text) for __aeabi_llsl
    init.o(.text) refers to entry5.o(.ARM.Collect$$$$00000004) for __main_after_scatterload


==============================================================================

Removing Unused input sections from the image.

    Removing startup_lks32mc08x.o(HEAP), (512 bytes).
    Removing hardware_init.o(i.GPIO_init), (2 bytes).
    Removing hardware_init.o(i.Hardware_init), (44 bytes).
    Removing interrupt.o(i.SleepTimer_IRQHandler), (4 bytes).
    Removing lks32mc08x_cmp.o(i.CMP_StructInit), (14 bytes).
    Removing lks32mc08x_cmp.o(i.Comparator_init), (192 bytes).
    Removing lks32mc08x_dma.o(i.DMA_Init), (92 bytes).
    Removing lks32mc08x_dma.o(i.DMA_StructInit), (14 bytes).
    Removing lks32mc08x_exti.o(i.EXTI_Init), (104 bytes).
    Removing lks32mc08x_exti.o(i.EXTI_ReadIFFlag), (6 bytes).
    Removing lks32mc08x_exti.o(i.EXTI_ResetIF), (4 bytes).
    Removing lks32mc08x_exti.o(i.EXTI_StructInit), (8 bytes).
    Removing lks32mc08x_flash.o(i.EraseSector), (176 bytes).
    Removing lks32mc08x_flash.o(i.ProgramPage), (300 bytes).
    Removing lks32mc08x_flash.o(i.Read_Flash), (64 bytes).
    Removing lks32mc08x_flash.o(i.Read_More_Flash), (96 bytes).
    Removing lks32mc08x_flash.o(.data), (8 bytes).
    Removing lks32mc08x_gpio.o(i.GPIO_Init), (216 bytes).
    Removing lks32mc08x_gpio.o(i.GPIO_LockRegister), (16 bytes).
    Removing lks32mc08x_gpio.o(i.GPIO_PinAFConfig), (268 bytes).
    Removing lks32mc08x_gpio.o(i.GPIO_ReadInputData), (6 bytes).
    Removing lks32mc08x_gpio.o(i.GPIO_ReadInputDataBit), (20 bytes).
    Removing lks32mc08x_gpio.o(i.GPIO_ReadOutputData), (6 bytes).
    Removing lks32mc08x_gpio.o(i.GPIO_ReadOutputDataBit), (20 bytes).
    Removing lks32mc08x_gpio.o(i.GPIO_ResetBits), (18 bytes).
    Removing lks32mc08x_gpio.o(i.GPIO_SetBits), (18 bytes).
    Removing lks32mc08x_gpio.o(i.GPIO_StructInit), (12 bytes).
    Removing lks32mc08x_gpio.o(i.GPIO_UnlockRegister), (6 bytes).
    Removing lks32mc08x_gpio.o(i.GPIO_Write), (4 bytes).
    Removing lks32mc08x_gpio.o(i.GPIO_WriteBit), (28 bytes).
    Removing lks32mc08x_hall.o(i.HALL_Clear_IRQ), (24 bytes).
    Removing lks32mc08x_hall.o(i.HALL_GetCaptureValue), (16 bytes).
    Removing lks32mc08x_hall.o(i.HALL_GetCount), (12 bytes).
    Removing lks32mc08x_hall.o(i.HALL_GetFilterValue), (16 bytes).
    Removing lks32mc08x_hall.o(i.HALL_Init), (68 bytes).
    Removing lks32mc08x_hall.o(i.HALL_IsCaptureEvent), (16 bytes).
    Removing lks32mc08x_hall.o(i.HALL_IsOverFlowEvent), (16 bytes).
    Removing lks32mc08x_hall.o(i.HALL_StructInit), (36 bytes).
    Removing lks32mc08x_mcpwm.o(i.MCPWM_Init), (524 bytes).
    Removing lks32mc08x_mcpwm.o(i.MCPWM_StructInit), (14 bytes).
    Removing lks32mc08x_mcpwm.o(i.PWMOutputs), (60 bytes).
    Removing lks32mc08x_sys.o(i.DSP_Init), (12 bytes).
    Removing lks32mc08x_sys.o(i.SYS_AnalogModuleClockCmd), (48 bytes).
    Removing lks32mc08x_sys.o(i.SYS_ClearRst), (16 bytes).
    Removing lks32mc08x_sys.o(i.SYS_EnablePORFilter), (20 bytes).
    Removing lks32mc08x_sys.o(i.SYS_FallSleep), (16 bytes).
    Removing lks32mc08x_sys.o(i.SYS_FeedDog), (76 bytes).
    Removing lks32mc08x_sys.o(i.SYS_GetRstSource), (12 bytes).
    Removing lks32mc08x_sys.o(i.SYS_Init), (112 bytes).
    Removing lks32mc08x_sys.o(i.SYS_SetWakeInterval), (20 bytes).
    Removing lks32mc08x_sys.o(i.SYS_SoftResetModule), (24 bytes).
    Removing lks32mc08x_sys.o(i.SYS_StructInit), (26 bytes).
    Removing lks32mc08x_sys.o(i.SYS_WatchDogCmd), (48 bytes).
    Removing lks32mc08x_tim.o(i.TIM_ClearIRQFlag), (12 bytes).
    Removing lks32mc08x_tim.o(i.TIM_ECDCmd), (84 bytes).
    Removing lks32mc08x_tim.o(i.TIM_ECDInit), (200 bytes).
    Removing lks32mc08x_tim.o(i.TIM_ECDStructInit), (24 bytes).
    Removing lks32mc08x_tim.o(i.TIM_ECD_GetCount), (6 bytes).
    Removing lks32mc08x_tim.o(i.TIM_GetIRQFlag), (12 bytes).
    Removing lks32mc08x_tim.o(i.TIM_TimerCmd), (212 bytes).
    Removing lks32mc08x_tim.o(i.TIM_TimerInit), (364 bytes).
    Removing lks32mc08x_tim.o(i.TIM_TimerStrutInit), (38 bytes).
    Removing lks32mc08x_tim.o(i.TIM_Timer_GetCMPT0), (6 bytes).
    Removing lks32mc08x_tim.o(i.TIM_Timer_GetCMPT1), (6 bytes).
    Removing lks32mc08x_tim.o(i.TIM_Timer_GetCount), (6 bytes).
    Removing lks32mc08x_nvr.o(i.Read_NVR), (52 bytes).
    Removing lks32mc08x_nvr.o(i.Read_Trim), (60 bytes).
    Removing dadd.o(.text), (360 bytes).
    Removing dmul.o(.text), (208 bytes).
    Removing ddiv.o(.text), (240 bytes).
    Removing dfixul.o(.text), (64 bytes).
    Removing cdrcmple.o(.text), (40 bytes).
    Removing lks32mc08x_gpio.o(i.__ARM_common_switch8), (28 bytes).

73 unused section(s) (total 5532 bytes) removed from the image.

==============================================================================

Image Symbol Table

    Local Symbols

    Symbol Name                              Value     Ov Type        Size  Object(Section)

    RESET                                    0x00000000   Section      192  startup_lks32mc08x.o(RESET)
    ../clib/microlib/division.c              0x00000000   Number         0  uidiv.o ABSOLUTE
    ../clib/microlib/division.c              0x00000000   Number         0  uldiv.o ABSOLUTE
    ../clib/microlib/division.c              0x00000000   Number         0  idiv.o ABSOLUTE
    ../clib/microlib/init/entry.s            0x00000000   Number         0  entry12b.o ABSOLUTE
    ../clib/microlib/init/entry.s            0x00000000   Number         0  entry7a.o ABSOLUTE
    ../clib/microlib/init/entry.s            0x00000000   Number         0  entry7b.o ABSOLUTE
    ../clib/microlib/init/entry.s            0x00000000   Number         0  entry8a.o ABSOLUTE
    ../clib/microlib/init/entry.s            0x00000000   Number         0  entry9a.o ABSOLUTE
    ../clib/microlib/init/entry.s            0x00000000   Number         0  entry9b.o ABSOLUTE
    ../clib/microlib/init/entry.s            0x00000000   Number         0  entry12a.o ABSOLUTE
    ../clib/microlib/init/entry.s            0x00000000   Number         0  entry11b.o ABSOLUTE
    ../clib/microlib/init/entry.s            0x00000000   Number         0  entry11a.o ABSOLUTE
    ../clib/microlib/init/entry.s            0x00000000   Number         0  entry10a.o ABSOLUTE
    ../clib/microlib/init/entry.s            0x00000000   Number         0  entry10b.o ABSOLUTE
    ../clib/microlib/init/entry.s            0x00000000   Number         0  entry5.o ABSOLUTE
    ../clib/microlib/init/entry.s            0x00000000   Number         0  entry2.o ABSOLUTE
    ../clib/microlib/init/entry.s            0x00000000   Number         0  entry8b.o ABSOLUTE
    ../clib/microlib/init/entry.s            0x00000000   Number         0  entry.o ABSOLUTE
    ../clib/microlib/longlong.c              0x00000000   Number         0  llshl.o ABSOLUTE
    ../clib/microlib/longlong.c              0x00000000   Number         0  llushr.o ABSOLUTE
    ../clib/microlib/longlong.c              0x00000000   Number         0  llsshr.o ABSOLUTE
    ../clib/microlib/printf/printf.c         0x00000000   Number         0  printf1.o ABSOLUTE
    ../clib/microlib/printf/printf.c         0x00000000   Number         0  printf8.o ABSOLUTE
    ../clib/microlib/printf/printf.c         0x00000000   Number         0  printf7.o ABSOLUTE
    ../clib/microlib/printf/printf.c         0x00000000   Number         0  printfa.o ABSOLUTE
    ../clib/microlib/printf/printf.c         0x00000000   Number         0  printf0.o ABSOLUTE
    ../clib/microlib/printf/printf.c         0x00000000   Number         0  printfb.o ABSOLUTE
    ../clib/microlib/printf/printf.c         0x00000000   Number         0  printf6.o ABSOLUTE
    ../clib/microlib/printf/printf.c         0x00000000   Number         0  printf5.o ABSOLUTE
    ../clib/microlib/printf/printf.c         0x00000000   Number         0  printf4.o ABSOLUTE
    ../clib/microlib/printf/printf.c         0x00000000   Number         0  printf3.o ABSOLUTE
    ../clib/microlib/printf/printf.c         0x00000000   Number         0  printf2.o ABSOLUTE
    ../clib/microlib/printf/stubs.s          0x00000000   Number         0  stubs.o ABSOLUTE
    ../clib/microlib/stdio/fputc.c           0x00000000   Number         0  fputc.o ABSOLUTE
    ../clib/microlib/stdio/semi.s            0x00000000   Number         0  semi.o ABSOLUTE
    ../clib/microlib/stdio/streams.c         0x00000000   Number         0  stdout.o ABSOLUTE
    ../clib/microlib/string/memset.c         0x00000000   Number         0  memseta.o ABSOLUTE
    ../clib/microlib/stubs.s                 0x00000000   Number         0  iusefp.o ABSOLUTE
    ../clib/microlib/stubs.s                 0x00000000   Number         0  iusesemip.o ABSOLUTE
    ../fplib/microlib/fpadd.c                0x00000000   Number         0  dadd.o ABSOLUTE
    ../fplib/microlib/fpdiv.c                0x00000000   Number         0  ddiv.o ABSOLUTE
    ../fplib/microlib/fpepilogue.c           0x00000000   Number         0  depilogue.o ABSOLUTE
    ../fplib/microlib/fpfix.c                0x00000000   Number         0  dfixul.o ABSOLUTE
    ../fplib/microlib/fpflt.c                0x00000000   Number         0  dflti.o ABSOLUTE
    ../fplib/microlib/fpmul.c                0x00000000   Number         0  dmul.o ABSOLUTE
    AppFunction\hardware_init.c              0x00000000   Number         0  hardware_init.o ABSOLUTE
    AppFunction\interrupt.c                  0x00000000   Number         0  interrupt.o ABSOLUTE
    LKS32MC08x_Periph_Driver\Source\lks32MC08x_Flash.c 0x00000000   Number         0  lks32mc08x_flash.o ABSOLUTE
    LKS32MC08x_Periph_Driver\Source\lks32mc08x_DMA.c 0x00000000   Number         0  lks32mc08x_dma.o ABSOLUTE
    LKS32MC08x_Periph_Driver\Source\lks32mc08x_MCPWM.c 0x00000000   Number         0  lks32mc08x_mcpwm.o ABSOLUTE
    LKS32MC08x_Periph_Driver\Source\lks32mc08x_NVR.c 0x00000000   Number         0  lks32mc08x_nvr.o ABSOLUTE
    LKS32MC08x_Periph_Driver\Source\lks32mc08x_cmp.c 0x00000000   Number         0  lks32mc08x_cmp.o ABSOLUTE
    LKS32MC08x_Periph_Driver\Source\lks32mc08x_exti.c 0x00000000   Number         0  lks32mc08x_exti.o ABSOLUTE
    LKS32MC08x_Periph_Driver\Source\lks32mc08x_gpio.c 0x00000000   Number         0  lks32mc08x_gpio.o ABSOLUTE
    LKS32MC08x_Periph_Driver\Source\lks32mc08x_hall.c 0x00000000   Number         0  lks32mc08x_hall.o ABSOLUTE
    LKS32MC08x_Periph_Driver\Source\lks32mc08x_sys.c 0x00000000   Number         0  lks32mc08x_sys.o ABSOLUTE
    LKS32MC08x_Periph_Driver\Source\lks32mc08x_tim.c 0x00000000   Number         0  lks32mc08x_tim.o ABSOLUTE
    Source\main.c                            0x00000000   Number         0  main.o ABSOLUTE
    Source\startup_lks32mc08x.s              0x00000000   Number         0  startup_lks32mc08x.o ABSOLUTE
    cdrcmple.s                               0x00000000   Number         0  cdrcmple.o ABSOLUTE
    dc.s                                     0x00000000   Number         0  dc.o ABSOLUTE
    handlers.s                               0x00000000   Number         0  handlers.o ABSOLUTE
    init.s                                   0x00000000   Number         0  init.o ABSOLUTE
    .ARM.Collect$$$$00000000                 0x000000c0   Section        0  entry.o(.ARM.Collect$$$$00000000)
    .ARM.Collect$$$$00000001                 0x000000c0   Section        4  entry2.o(.ARM.Collect$$$$00000001)
    .ARM.Collect$$$$00000004                 0x000000c4   Section        4  entry5.o(.ARM.Collect$$$$00000004)
    .ARM.Collect$$$$00000008                 0x000000c8   Section        0  entry7b.o(.ARM.Collect$$$$00000008)
    .ARM.Collect$$$$0000000A                 0x000000c8   Section        0  entry8b.o(.ARM.Collect$$$$0000000A)
    .ARM.Collect$$$$0000000B                 0x000000c8   Section        8  entry9a.o(.ARM.Collect$$$$0000000B)
    .ARM.Collect$$$$0000000E                 0x000000d0   Section        4  entry12b.o(.ARM.Collect$$$$0000000E)
    .ARM.Collect$$$$0000000F                 0x000000d4   Section        0  entry10a.o(.ARM.Collect$$$$0000000F)
    .ARM.Collect$$$$00000011                 0x000000d4   Section        0  entry11a.o(.ARM.Collect$$$$00000011)
    .ARM.Collect$$$$00002712                 0x000000d4   Section        4  entry2.o(.ARM.Collect$$$$00002712)
    __lit__00000000                          0x000000d4   Data           4  entry2.o(.ARM.Collect$$$$00002712)
    .text                                    0x000000d8   Section       40  startup_lks32mc08x.o(.text)
    .text                                    0x00000100   Section        0  idiv.o(.text)
    .text                                    0x00000128   Section        0  dflti.o(.text)
    .text                                    0x00000150   Section        0  uidiv.o(.text)
    .text                                    0x0000017c   Section        0  depilogue.o(.text)
    .text                                    0x0000017c   Section        0  iusefp.o(.text)
    .text                                    0x0000023c   Section       36  init.o(.text)
    .text                                    0x00000260   Section        0  llshl.o(.text)
    .text                                    0x00000280   Section        0  llushr.o(.text)
    i.ADC0_IRQHandler                        0x000002a4   Section        0  interrupt.o(i.ADC0_IRQHandler)
    i.CMP_IRQHandler                         0x000002b8   Section        0  interrupt.o(i.CMP_IRQHandler)
    i.Clock_Init                             0x000002bc   Section        0  hardware_init.o(i.Clock_Init)
    i.ENCODER0_IRQHandler                    0x000002e8   Section        0  interrupt.o(i.ENCODER0_IRQHandler)
    i.ENCODER1_IRQHandler                    0x000002ea   Section        0  interrupt.o(i.ENCODER1_IRQHandler)
    i.GPIO_IRQHandler                        0x000002ec   Section        0  interrupt.o(i.GPIO_IRQHandler)
    i.HALL_IRQHandler                        0x000002ee   Section        0  interrupt.o(i.HALL_IRQHandler)
    i.I2C0_IRQHandler                        0x000002f0   Section        0  interrupt.o(i.I2C0_IRQHandler)
    i.MCPWM_IRQHandler                       0x000002f4   Section        0  interrupt.o(i.MCPWM_IRQHandler)
    i.SPI0_IRQHandler                        0x00000300   Section        0  interrupt.o(i.SPI0_IRQHandler)
    i.SYS_ModuleClockCmd                     0x00000304   Section        0  lks32mc08x_sys.o(i.SYS_ModuleClockCmd)
    i.SysTick_Handler                        0x0000032c   Section        0  interrupt.o(i.SysTick_Handler)
    i.SystemInit                             0x0000032e   Section        0  hardware_init.o(i.SystemInit)
    i.Trig_Functions                         0x00000338   Section        0  hardware_init.o(i.Trig_Functions)
    i.UART0_IRQHandler                       0x0000037c   Section        0  interrupt.o(i.UART0_IRQHandler)
    i.UART1_IRQHandler                       0x0000037e   Section        0  interrupt.o(i.UART1_IRQHandler)
    i.UTIMER0_IRQHandler                     0x00000380   Section        0  interrupt.o(i.UTIMER0_IRQHandler)
    i.UTIMER1_IRQHandler                     0x00000394   Section        0  interrupt.o(i.UTIMER1_IRQHandler)
    i.UTIMER2_IRQHandler                     0x00000396   Section        0  interrupt.o(i.UTIMER2_IRQHandler)
    i.UTIMER3_IRQHandler                     0x00000398   Section        0  interrupt.o(i.UTIMER3_IRQHandler)
    i.__ARM_clz                              0x0000039a   Section        0  depilogue.o(i.__ARM_clz)
    i.__scatterload_copy                     0x000003c8   Section       14  handlers.o(i.__scatterload_copy)
    i.__scatterload_null                     0x000003d6   Section        2  handlers.o(i.__scatterload_null)
    i.__scatterload_zeroinit                 0x000003d8   Section       14  handlers.o(i.__scatterload_zeroinit)
    i.main                                   0x000003e8   Section        0  main.o(i.main)
    .data                                    0x20000000   Section       18  main.o(.data)
    .data                                    0x20000012   Section        4  hardware_init.o(.data)
    STACK                                    0x20000018   Section      768  startup_lks32mc08x.o(STACK)

    Global Symbols

    Symbol Name                              Value     Ov Type        Size  Object(Section)

    BuildAttributes$$THM_ISAv3M$S$PE$A:L22$X:L11$S22$IEEE1$IW$USESV6$~STKCKD$USESV7$~SHL$OSPACE$ROPI$EBA8$MICROLIB$REQ8$PRES8$EABIv2 0x00000000   Number         0  anon$$obj.o ABSOLUTE
    __ARM_use_no_argv                        0x00000000   Number         0  main.o ABSOLUTE
    __Vectors                                0x00000000   Data           4  startup_lks32mc08x.o(RESET)
    _printf_a                                0x00000000   Number         0  stubs.o ABSOLUTE
    _printf_c                                0x00000000   Number         0  stubs.o ABSOLUTE
    _printf_charcount                        0x00000000   Number         0  stubs.o ABSOLUTE
    _printf_d                                0x00000000   Number         0  stubs.o ABSOLUTE
    _printf_e                                0x00000000   Number         0  stubs.o ABSOLUTE
    _printf_f                                0x00000000   Number         0  stubs.o ABSOLUTE
    _printf_flags                            0x00000000   Number         0  stubs.o ABSOLUTE
    _printf_fp_dec                           0x00000000   Number         0  stubs.o ABSOLUTE
    _printf_fp_hex                           0x00000000   Number         0  stubs.o ABSOLUTE
    _printf_g                                0x00000000   Number         0  stubs.o ABSOLUTE
    _printf_i                                0x00000000   Number         0  stubs.o ABSOLUTE
    _printf_int_dec                          0x00000000   Number         0  stubs.o ABSOLUTE
    _printf_l                                0x00000000   Number         0  stubs.o ABSOLUTE
    _printf_lc                               0x00000000   Number         0  stubs.o ABSOLUTE
    _printf_ll                               0x00000000   Number         0  stubs.o ABSOLUTE
    _printf_lld                              0x00000000   Number         0  stubs.o ABSOLUTE
    _printf_lli                              0x00000000   Number         0  stubs.o ABSOLUTE
    _printf_llo                              0x00000000   Number         0  stubs.o ABSOLUTE
    _printf_llu                              0x00000000   Number         0  stubs.o ABSOLUTE
    _printf_llx                              0x00000000   Number         0  stubs.o ABSOLUTE
    _printf_longlong_dec                     0x00000000   Number         0  stubs.o ABSOLUTE
    _printf_longlong_hex                     0x00000000   Number         0  stubs.o ABSOLUTE
    _printf_longlong_oct                     0x00000000   Number         0  stubs.o ABSOLUTE
    _printf_ls                               0x00000000   Number         0  stubs.o ABSOLUTE
    _printf_mbtowc                           0x00000000   Number         0  stubs.o ABSOLUTE
    _printf_n                                0x00000000   Number         0  stubs.o ABSOLUTE
    _printf_o                                0x00000000   Number         0  stubs.o ABSOLUTE
    _printf_p                                0x00000000   Number         0  stubs.o ABSOLUTE
    _printf_percent                          0x00000000   Number         0  stubs.o ABSOLUTE
    _printf_pre_padding                      0x00000000   Number         0  stubs.o ABSOLUTE
    _printf_return_value                     0x00000000   Number         0  stubs.o ABSOLUTE
    _printf_s                                0x00000000   Number         0  stubs.o ABSOLUTE
    _printf_sizespec                         0x00000000   Number         0  stubs.o ABSOLUTE
    _printf_str                              0x00000000   Number         0  stubs.o ABSOLUTE
    _printf_truncate_signed                  0x00000000   Number         0  stubs.o ABSOLUTE
    _printf_truncate_unsigned                0x00000000   Number         0  stubs.o ABSOLUTE
    _printf_u                                0x00000000   Number         0  stubs.o ABSOLUTE
    _printf_wc                               0x00000000   Number         0  stubs.o ABSOLUTE
    _printf_wctomb                           0x00000000   Number         0  stubs.o ABSOLUTE
    _printf_widthprec                        0x00000000   Number         0  stubs.o ABSOLUTE
    _printf_x                                0x00000000   Number         0  stubs.o ABSOLUTE
    __arm_fini_                               - Undefined Weak Reference
    __cpp_initialize__aeabi_                  - Undefined Weak Reference
    __cxa_finalize                            - Undefined Weak Reference
    __decompress                              - Undefined Weak Reference
    _clock_init                               - Undefined Weak Reference
    _microlib_exit                            - Undefined Weak Reference
    __Vectors_End                            0x000000c0   Data           0  startup_lks32mc08x.o(RESET)
    __Vectors_Size                           0x000000c0   Number         0  startup_lks32mc08x.o ABSOLUTE
    __main                                   0x000000c1   Thumb Code     0  entry.o(.ARM.Collect$$$$00000000)
    _main_stk                                0x000000c1   Thumb Code     0  entry2.o(.ARM.Collect$$$$00000001)
    _main_scatterload                        0x000000c5   Thumb Code     0  entry5.o(.ARM.Collect$$$$00000004)
    __main_after_scatterload                 0x000000c9   Thumb Code     0  entry5.o(.ARM.Collect$$$$00000004)
    _main_clock                              0x000000c9   Thumb Code     0  entry7b.o(.ARM.Collect$$$$00000008)
    _main_cpp_init                           0x000000c9   Thumb Code     0  entry8b.o(.ARM.Collect$$$$0000000A)
    _main_init                               0x000000c9   Thumb Code     0  entry9a.o(.ARM.Collect$$$$0000000B)
    __rt_lib_shutdown_fini                   0x000000d1   Thumb Code     0  entry12b.o(.ARM.Collect$$$$0000000E)
    __rt_final_cpp                           0x000000d5   Thumb Code     0  entry10a.o(.ARM.Collect$$$$0000000F)
    __rt_final_exit                          0x000000d5   Thumb Code     0  entry11a.o(.ARM.Collect$$$$00000011)
    Reset_Handler                            0x000000d9   Thumb Code    14  startup_lks32mc08x.o(.text)
    NMI_Handler                              0x000000e7   Thumb Code     2  startup_lks32mc08x.o(.text)
    HardFault_Handler                        0x000000e9   Thumb Code     2  startup_lks32mc08x.o(.text)
    SVC_Handler                              0x000000eb   Thumb Code     2  startup_lks32mc08x.o(.text)
    PendSV_Handler                           0x000000ed   Thumb Code     2  startup_lks32mc08x.o(.text)
    CAN_IRQHandler                           0x000000f1   Thumb Code     0  startup_lks32mc08x.o(.text)
    DMA_IRQHandler                           0x000000f1   Thumb Code     0  startup_lks32mc08x.o(.text)
    DSP_IRQHandler                           0x000000f1   Thumb Code     0  startup_lks32mc08x.o(.text)
    PWRDN_IRQHandler                         0x000000f1   Thumb Code     0  startup_lks32mc08x.o(.text)
    SIF_IRQHandler                           0x000000f1   Thumb Code     0  startup_lks32mc08x.o(.text)
    WAKE_IRQHandler                          0x000000f1   Thumb Code     0  startup_lks32mc08x.o(.text)
    __aeabi_idiv                             0x00000101   Thumb Code     0  idiv.o(.text)
    __aeabi_idivmod                          0x00000101   Thumb Code    40  idiv.o(.text)
    __aeabi_i2d                              0x00000129   Thumb Code    34  dflti.o(.text)
    __aeabi_uidiv                            0x00000151   Thumb Code     0  uidiv.o(.text)
    __aeabi_uidivmod                         0x00000151   Thumb Code    44  uidiv.o(.text)
    __I$use$fp                               0x0000017d   Thumb Code     0  iusefp.o(.text)
    _double_round                            0x0000017d   Thumb Code    26  depilogue.o(.text)
    _double_epilogue                         0x00000197   Thumb Code   164  depilogue.o(.text)
    __scatterload                            0x0000023d   Thumb Code    28  init.o(.text)
    __scatterload_rt2                        0x0000023d   Thumb Code     0  init.o(.text)
    __aeabi_llsl                             0x00000261   Thumb Code    32  llshl.o(.text)
    _ll_shift_l                              0x00000261   Thumb Code     0  llshl.o(.text)
    __aeabi_llsr                             0x00000281   Thumb Code    34  llushr.o(.text)
    _ll_ushift_r                             0x00000281   Thumb Code     0  llushr.o(.text)
    ADC0_IRQHandler                          0x000002a5   Thumb Code    14  interrupt.o(i.ADC0_IRQHandler)
    CMP_IRQHandler                           0x000002b9   Thumb Code     2  interrupt.o(i.CMP_IRQHandler)
    Clock_Init                               0x000002bd   Thumb Code    32  hardware_init.o(i.Clock_Init)
    ENCODER0_IRQHandler                      0x000002e9   Thumb Code     2  interrupt.o(i.ENCODER0_IRQHandler)
    ENCODER1_IRQHandler                      0x000002eb   Thumb Code     2  interrupt.o(i.ENCODER1_IRQHandler)
    GPIO_IRQHandler                          0x000002ed   Thumb Code     2  interrupt.o(i.GPIO_IRQHandler)
    HALL_IRQHandler                          0x000002ef   Thumb Code     2  interrupt.o(i.HALL_IRQHandler)
    I2C0_IRQHandler                          0x000002f1   Thumb Code     2  interrupt.o(i.I2C0_IRQHandler)
    MCPWM_IRQHandler                         0x000002f5   Thumb Code     8  interrupt.o(i.MCPWM_IRQHandler)
    SPI0_IRQHandler                          0x00000301   Thumb Code     2  interrupt.o(i.SPI0_IRQHandler)
    SYS_ModuleClockCmd                       0x00000305   Thumb Code    32  lks32mc08x_sys.o(i.SYS_ModuleClockCmd)
    SysTick_Handler                          0x0000032d   Thumb Code     2  interrupt.o(i.SysTick_Handler)
    SystemInit                               0x0000032f   Thumb Code     8  hardware_init.o(i.SystemInit)
    Trig_Functions                           0x00000339   Thumb Code    58  hardware_init.o(i.Trig_Functions)
    UART0_IRQHandler                         0x0000037d   Thumb Code     2  interrupt.o(i.UART0_IRQHandler)
    UART1_IRQHandler                         0x0000037f   Thumb Code     2  interrupt.o(i.UART1_IRQHandler)
    UTIMER0_IRQHandler                       0x00000381   Thumb Code    14  interrupt.o(i.UTIMER0_IRQHandler)
    UTIMER1_IRQHandler                       0x00000395   Thumb Code     2  interrupt.o(i.UTIMER1_IRQHandler)
    UTIMER2_IRQHandler                       0x00000397   Thumb Code     2  interrupt.o(i.UTIMER2_IRQHandler)
    UTIMER3_IRQHandler                       0x00000399   Thumb Code     2  interrupt.o(i.UTIMER3_IRQHandler)
    __ARM_clz                                0x0000039b   Thumb Code    46  depilogue.o(i.__ARM_clz)
    __scatterload_copy                       0x000003c9   Thumb Code    14  handlers.o(i.__scatterload_copy)
    __scatterload_null                       0x000003d7   Thumb Code     2  handlers.o(i.__scatterload_null)
    __scatterload_zeroinit                   0x000003d9   Thumb Code    14  handlers.o(i.__scatterload_zeroinit)
    main                                     0x000003e9   Thumb Code    88  main.o(i.main)
    Region$$Table$$Base                      0x00000458   Number         0  anon$$obj.o(Region$$Table)
    Region$$Table$$Limit                     0x00000478   Number         0  anon$$obj.o(Region$$Table)
    sin_Vlaue                                0x20000000   Data           8  main.o(.data)
    cos_Vlaue                                0x20000008   Data           8  main.o(.data)
    Angle                                    0x20000010   Data           2  main.o(.data)
    Local_Components                         0x20000012   Data           4  hardware_init.o(.data)
    __initial_sp                             0x20000318   Data           0  startup_lks32mc08x.o(STACK)



==============================================================================

Memory Map of the image

  Image Entry point : 0x000000c1

  Load Region LR_IROM1 (Base: 0x00000000, Size: 0x00000490, Max: 0x00010000, ABSOLUTE)

    Execution Region ER_IROM1 (Exec base: 0x00000000, Load base: 0x00000000, Size: 0x00000478, Max: 0x00010000, ABSOLUTE)

    Exec Addr    Load Addr    Size         Type   Attr      Idx    E Section Name        Object

    0x00000000   0x00000000   0x000000c0   Data   RO           84    RESET               startup_lks32mc08x.o
    0x000000c0   0x000000c0   0x00000000   Code   RO          764  * .ARM.Collect$$$$00000000  mc_p.l(entry.o)
    0x000000c0   0x000000c0   0x00000004   Code   RO         1034    .ARM.Collect$$$$00000001  mc_p.l(entry2.o)
    0x000000c4   0x000000c4   0x00000004   Code   RO         1037    .ARM.Collect$$$$00000004  mc_p.l(entry5.o)
    0x000000c8   0x000000c8   0x00000000   Code   RO         1039    .ARM.Collect$$$$00000008  mc_p.l(entry7b.o)
    0x000000c8   0x000000c8   0x00000000   Code   RO         1041    .ARM.Collect$$$$0000000A  mc_p.l(entry8b.o)
    0x000000c8   0x000000c8   0x00000008   Code   RO         1042    .ARM.Collect$$$$0000000B  mc_p.l(entry9a.o)
    0x000000d0   0x000000d0   0x00000004   Code   RO         1049    .ARM.Collect$$$$0000000E  mc_p.l(entry12b.o)
    0x000000d4   0x000000d4   0x00000000   Code   RO         1044    .ARM.Collect$$$$0000000F  mc_p.l(entry10a.o)
    0x000000d4   0x000000d4   0x00000000   Code   RO         1046    .ARM.Collect$$$$00000011  mc_p.l(entry11a.o)
    0x000000d4   0x000000d4   0x00000004   Code   RO         1035    .ARM.Collect$$$$00002712  mc_p.l(entry2.o)
    0x000000d8   0x000000d8   0x00000028   Code   RO           85    .text               startup_lks32mc08x.o
    0x00000100   0x00000100   0x00000028   Code   RO          767    .text               mc_p.l(idiv.o)
    0x00000128   0x00000128   0x00000028   Code   RO         1032    .text               mf_p.l(dflti.o)
    0x00000150   0x00000150   0x0000002c   Code   RO         1053    .text               mc_p.l(uidiv.o)
    0x0000017c   0x0000017c   0x00000000   Code   RO         1057    .text               mc_p.l(iusefp.o)
    0x0000017c   0x0000017c   0x000000be   Code   RO         1058    .text               mf_p.l(depilogue.o)
    0x0000023a   0x0000023a   0x00000002   PAD
    0x0000023c   0x0000023c   0x00000024   Code   RO         1072    .text               mc_p.l(init.o)
    0x00000260   0x00000260   0x00000020   Code   RO         1075    .text               mc_p.l(llshl.o)
    0x00000280   0x00000280   0x00000022   Code   RO         1077    .text               mc_p.l(llushr.o)
    0x000002a2   0x000002a2   0x00000002   PAD
    0x000002a4   0x000002a4   0x00000014   Code   RO          129    i.ADC0_IRQHandler   interrupt.o
    0x000002b8   0x000002b8   0x00000002   Code   RO          130    i.CMP_IRQHandler    interrupt.o
    0x000002ba   0x000002ba   0x00000002   PAD
    0x000002bc   0x000002bc   0x0000002c   Code   RO           90    i.Clock_Init        hardware_init.o
    0x000002e8   0x000002e8   0x00000002   Code   RO          131    i.ENCODER0_IRQHandler  interrupt.o
    0x000002ea   0x000002ea   0x00000002   Code   RO          132    i.ENCODER1_IRQHandler  interrupt.o
    0x000002ec   0x000002ec   0x00000002   Code   RO          133    i.GPIO_IRQHandler   interrupt.o
    0x000002ee   0x000002ee   0x00000002   Code   RO          134    i.HALL_IRQHandler   interrupt.o
    0x000002f0   0x000002f0   0x00000002   Code   RO          135    i.I2C0_IRQHandler   interrupt.o
    0x000002f2   0x000002f2   0x00000002   PAD
    0x000002f4   0x000002f4   0x0000000c   Code   RO          136    i.MCPWM_IRQHandler  interrupt.o
    0x00000300   0x00000300   0x00000002   Code   RO          137    i.SPI0_IRQHandler   interrupt.o
    0x00000302   0x00000302   0x00000002   PAD
    0x00000304   0x00000304   0x00000028   Code   RO          523    i.SYS_ModuleClockCmd  lks32mc08x_sys.o
    0x0000032c   0x0000032c   0x00000002   Code   RO          139    i.SysTick_Handler   interrupt.o
    0x0000032e   0x0000032e   0x00000008   Code   RO           93    i.SystemInit        hardware_init.o
    0x00000336   0x00000336   0x00000002   PAD
    0x00000338   0x00000338   0x00000044   Code   RO           94    i.Trig_Functions    hardware_init.o
    0x0000037c   0x0000037c   0x00000002   Code   RO          140    i.UART0_IRQHandler  interrupt.o
    0x0000037e   0x0000037e   0x00000002   Code   RO          141    i.UART1_IRQHandler  interrupt.o
    0x00000380   0x00000380   0x00000014   Code   RO          142    i.UTIMER0_IRQHandler  interrupt.o
    0x00000394   0x00000394   0x00000002   Code   RO          143    i.UTIMER1_IRQHandler  interrupt.o
    0x00000396   0x00000396   0x00000002   Code   RO          144    i.UTIMER2_IRQHandler  interrupt.o
    0x00000398   0x00000398   0x00000002   Code   RO          145    i.UTIMER3_IRQHandler  interrupt.o
    0x0000039a   0x0000039a   0x0000002e   Code   RO         1060    i.__ARM_clz         mf_p.l(depilogue.o)
    0x000003c8   0x000003c8   0x0000000e   Code   RO         1084    i.__scatterload_copy  mc_p.l(handlers.o)
    0x000003d6   0x000003d6   0x00000002   Code   RO         1085    i.__scatterload_null  mc_p.l(handlers.o)
    0x000003d8   0x000003d8   0x0000000e   Code   RO         1086    i.__scatterload_zeroinit  mc_p.l(handlers.o)
    0x000003e6   0x000003e6   0x00000002   PAD
    0x000003e8   0x000003e8   0x00000070   Code   RO            1    i.main              main.o
    0x00000458   0x00000458   0x00000020   Data   RO         1082    Region$$Table       anon$$obj.o


    Execution Region RW_IRAM1 (Exec base: 0x20000000, Load base: 0x00000478, Size: 0x00000318, Max: 0x00002000, ABSOLUTE)

    Exec Addr    Load Addr    Size         Type   Attr      Idx    E Section Name        Object

    0x20000000   0x00000478   0x00000012   Data   RW            2    .data               main.o
    0x20000012   0x0000048a   0x00000004   Data   RW           95    .data               hardware_init.o
    0x20000016   0x0000048e   0x00000002   PAD
    0x20000018        -       0x00000300   Zero   RW           82    STACK               startup_lks32mc08x.o


==============================================================================

Image component sizes


      Code (inc. data)   RO Data    RW Data    ZI Data      Debug   Object Name

       120         22          0          4          0       1854   hardware_init.o
        78         16          0          0          0       7458   interrupt.o
        40          8          0          0          0        613   lks32mc08x_sys.o
       112         24          0         18          0       8307   main.o
        40         14        192          0        768        668   startup_lks32mc08x.o

    ----------------------------------------------------------------------
       398         84        224         24        768      18900   Object Totals
         0          0         32          0          0          0   (incl. Generated)
         8          0          0          2          0          0   (incl. Padding)

    ----------------------------------------------------------------------

      Code (inc. data)   RO Data    RW Data    ZI Data      Debug   Library Member Name

         0          0          0          0          0          0   entry.o
         0          0          0          0          0          0   entry10a.o
         0          0          0          0          0          0   entry11a.o
         4          0          0          0          0          0   entry12b.o
         8          4          0          0          0          0   entry2.o
         4          0          0          0          0          0   entry5.o
         0          0          0          0          0          0   entry7b.o
         0          0          0          0          0          0   entry8b.o
         8          4          0          0          0          0   entry9a.o
        30          0          0          0          0          0   handlers.o
        40          0          0          0          0         72   idiv.o
        36          8          0          0          0         68   init.o
         0          0          0          0          0          0   iusefp.o
        32          0          0          0          0         68   llshl.o
        34          0          0          0          0         68   llushr.o
        44          0          0          0          0         72   uidiv.o
       236          0          0          0          0        216   depilogue.o
        40          6          0          0          0         68   dflti.o

    ----------------------------------------------------------------------
       522         22          0          0          0        632   Library Totals
         6          0          0          0          0          0   (incl. Padding)

    ----------------------------------------------------------------------

      Code (inc. data)   RO Data    RW Data    ZI Data      Debug   Library Name

       240         16          0          0          0        348   mc_p.l
       276          6          0          0          0        284   mf_p.l

    ----------------------------------------------------------------------
       522         22          0          0          0        632   Library Totals

    ----------------------------------------------------------------------

==============================================================================


      Code (inc. data)   RO Data    RW Data    ZI Data      Debug   

       920        106        224         24        768      18584   Grand Totals
       920        106        224         24        768      18584   ELF Image Totals
       920        106        224         24          0          0   ROM Totals

==============================================================================

    Total RO  Size (Code + RO Data)                 1144 (   1.12kB)
    Total RW  Size (RW Data + ZI Data)               792 (   0.77kB)
    Total ROM Size (Code + RO Data + RW Data)       1168 (   1.14kB)

==============================================================================

