<html>
<body>
<pre>
<h1>µVision Build Log</h1>
<h2>Tool Versions:</h2>
IDE-Version: ¦ÌVision V5.26.2.0
Copyright (C) 2018 ARM Ltd and ARM Germany GmbH. All rights reserved.
License Information:  ,  , LIC=SDA0P-MTKQP-305NC-7AJNU-VLY2R-MPCXM
 
Tool Versions:
Toolchain:       MDK-ARM Plus  Version: 5.26.2.0
Toolchain Path:  D:\Keil_V5\ARM\ARMCC\Bin
C Compiler:      Armcc.exe V5.06 update 6 (build 750)
Assembler:       Armasm.exe V5.06 update 6 (build 750)
Linker/Locator:  ArmLink.exe V5.06 update 6 (build 750)
Library Manager: ArmAr.exe V5.06 update 6 (build 750)
Hex Converter:   FromElf.exe V5.06 update 6 (build 750)
CPU DLL:         SARMCM3.DLL V5.26.2.0
Dialog DLL:      DARMCM1.DLL V1.19.1.0
Target DLL:      Segger\JL2CM3.dll V2.99.31.0
Dialog DLL:      TARMCM1.DLL V1.14.0.0
 
<h2>Project:</h2>
C:\Users\Lenovo\Desktop\LKS\little\exam\17¡¢DSP\LK_StdPeriph_DSP.uvprojx
Project File Date:  07/03/2023

<h2>Output:</h2>
*** Using Compiler 'V5.06 update 6 (build 750)', folder: 'D:\Keil_V5\ARM\ARMCC\Bin'
Rebuild target 'Target 1'
assembling startup_lks32mc08x.s...
compiling lks32mc08x_hall.c...
compiling lks32mc08x_gpio.c...
compiling lks32mc08x_tim.c...
compiling lks32mc08x_exti.c...
compiling lks32mc08x_DMA.c...
compiling lks32mc08x_cmp.c...
compiling main.c...
compiling lks32mc08x_MCPWM.c...
compiling lks32mc08x_sys.c...
compiling hardware_init.c...
compiling interrupt.c...
compiling lks32MC08x_Flash.c...
linking...
Program Size: Code=1056 RO-data=224 RW-data=24 ZI-data=768  
FromELF: creating hex file...
".\Objects\LK_StdPeriph_DSP.axf" - 0 Error(s), 0 Warning(s).

<h2>Software Packages used:</h2>

Package Vendor: Linko
                
                Linko.LKS08x.1.0.7
                LKS08 Device Family Pack

<h2>Collection of Component include folders:</h2>
  .\RTE\_Target_1
  D:\Keil_V5\ARM\PACK\Linko\LKS08x\1.0.7\Device\Include

<h2>Collection of Component Files used:</h2>
Build Time Elapsed:  00:00:01
</pre>
</body>
</html>
